.next/dev/types/validator.ts(144,31): error TS2344: Type 'typeof import("C:/Users/shriv/skyvern/Frontend_cF/dashboard/src/app/api/campaigns/[campaignId]/route")' does not satisfy the constraint 'RouteHandlerConfig<"/api/campaigns/[campaignId]">'.
  Types of property 'GET' are incompatible.
    Type '(_: Request, { params }: { params: Params; }) => Promise<NextResponse<{}>>' is not assignable to type '(request: NextRequest, context: { params: Promise<{ campaignId: string; }>; }) => void | Response | Promise<void | Response>'.
      Types of parameters '__1' and 'context' are incompatible.
        Type '{ params: Promise<{ campaignId: string; }>; }' is not assignable to type '{ params: Params; }'.
          Types of property 'params' are incompatible.
            Property 'campaignId' is missing in type 'Promise<{ campaignId: string; }>' but required in type 'Params'.
.next/types/validator.ts(135,31): error TS2344: Type 'typeof import("C:/Users/shriv/skyvern/Frontend_cF/dashboard/src/app/api/campaigns/[campaignId]/route")' does not satisfy the constraint 'RouteHandlerConfig<"/api/campaigns/[campaignId]">'.
  Types of property 'GET' are incompatible.
    Type '(_: Request, { params }: { params: Params; }) => Promise<NextResponse<{}>>' is not assignable to type '(request: NextRequest, context: { params: Promise<{ campaignId: string; }>; }) => void | Response | Promise<void | Response>'.
      Types of parameters '__1' and 'context' are incompatible.
        Type '{ params: Promise<{ campaignId: string; }>; }' is not assignable to type '{ params: Params; }'.
          Types of property 'params' are incompatible.
            Property 'campaignId' is missing in type 'Promise<{ campaignId: string; }>' but required in type 'Params'.
