.next/dev/types/routes.d.ts(58,33): error TS1005: ';' expected.
.next/dev/types/routes.d.ts(58,39): error TS1005: ';' expected.
.next/dev/types/routes.d.ts(58,39): error TS1434: Unexpected keyword or identifier.
.next/dev/types/routes.d.ts(58,61): error TS1002: Unterminated string literal.
.next/dev/types/routes.d.ts(59,18): error TS1005: ';' expected.
.next/dev/types/routes.d.ts(60,30): error TS1005: ';' expected.
.next/dev/types/routes.d.ts(60,45): error TS1005: ';' expected.
.next/dev/types/routes.d.ts(61,23): error TS1005: ';' expected.
.next/dev/types/routes.d.ts(62,23): error TS1005: ';' expected.
.next/dev/types/routes.d.ts(63,22): error TS1005: ';' expected.
.next/dev/types/routes.d.ts(64,27): error TS1005: ';' expected.
.next/dev/types/routes.d.ts(65,25): error TS1005: ';' expected.
.next/dev/types/routes.d.ts(66,15): error TS1005: ';' expected.
.next/dev/types/routes.d.ts(67,28): error TS1005: ';' expected.
.next/dev/types/routes.d.ts(67,44): error TS1005: ';' expected.
.next/dev/types/routes.d.ts(68,19): error TS1005: ';' expected.
.next/dev/types/routes.d.ts(69,14): error TS1005: ';' expected.
.next/dev/types/routes.d.ts(70,11): error TS1005: ';' expected.
.next/dev/types/routes.d.ts(71,11): error TS1005: ';' expected.
.next/dev/types/routes.d.ts(72,14): error TS1005: ';' expected.
.next/dev/types/routes.d.ts(73,12): error TS1005: ';' expected.
.next/dev/types/routes.d.ts(74,1): error TS1128: Declaration or statement expected.
.next/dev/types/validator.ts(62,5): error TS1109: Expression expected.
.next/dev/types/validator.ts(63,10): error TS1109: Expression expected.
.next/dev/types/validator.ts(64,8): error TS1109: Expression expected.
.next/dev/types/validator.ts(65,11): error TS1109: Expression expected.
.next/dev/types/validator.ts(66,1): error TS1109: Expression expected.
